<?xml version="1.0" encoding="UTF-8"?>
<TestRun id="e948b1bf-ed4e-4984-b8ec-7e13b5454936" name="VHO70@VHO70-PC 2014-07-14 16:17:32" runUser="VHO70-PC\VHO70" xmlns="http://microsoft.com/schemas/VisualStudio/TeamTest/2010">
  <TestSettings name="Local" id="dc9b6197-fafc-4636-8edd-39f55c260251">
    <Description>These are default test settings for a local test run.</Description>
    <Deployment enabled="false" runDeploymentRoot="VHO70_VHO70-PC 2014-07-14 16_17_32">
      <DeploymentItem filename="C:\Work\Airstrip\Airstrip.Simulator\Airstrip.Simulator.Scenarios.GroceryStore\bin\Debug\Airstrip.Simulator.Scenarios.GroceryStore.dll" />
      <DeploymentItem filename="C:\Work\Airstrip\Airstrip.Simulator\Airstrip.Simulator.Core\bin\Debug\Airstrip.Simulator.Core.dll" />
      <DeploymentItem filename="C:\Work\Airstrip\Airstrip.Simulator\Airstrip.Simulator.Scenarios.GroceryStore.DataLayer\bin\Debug\Airstrip.Simulator.Scenarios.GroceryStore.DataLayer.dll" />
    </Deployment>
    <Execution>
      <TestTypeSpecific />
      <AgentRule name="Execution Agents">
      </AgentRule>
    </Execution>
  </TestSettings>
  <Times creation="2014-07-14T16:17:32.3899993-07:00" queuing="2014-07-14T16:17:33.5910680-07:00" start="2014-07-14T16:17:33.9570889-07:00" finish="2014-07-14T16:17:34.5921252-07:00" />
  <ResultSummary outcome="Failed">
    <Counters total="1" executed="1" error="0" failed="1" timeout="0" aborted="0" inconclusive="0" passedButRunAborted="0" notRunnable="0" notExecuted="0" disconnected="0" warning="0" passed="0" completed="0" inProgress="0" pending="0" />
  </ResultSummary>
  <TestDefinitions>
    <UnitTest name="Test1" storage="c:\work\airstrip\airstrip.simulator\airstrip.simulator.unittests\bin\debug\airstrip.simulator.unittests.dll" id="af17a0c1-8145-2858-3152-890e8c7bd61d">
      <Execution id="4c79e580-3945-4bc2-8e07-7ab9f31d8ec3" />
      <TestMethod codeBase="C:/Work/Airstrip/Airstrip.Simulator/Airstrip.Simulator.UnitTests/bin/Debug/Airstrip.Simulator.UnitTests.DLL" adapterTypeName="Microsoft.VisualStudio.TestTools.TestTypes.Unit.UnitTestAdapter, Microsoft.VisualStudio.QualityTools.Tips.UnitTest.Adapter, Version=10.0.0.0, Culture=neutral, PublicKeyToken=b03f5f7f11d50a3a" className="Airstrip.Simulator.UnitTests.GroceryStore.ScenarioTests, Airstrip.Simulator.UnitTests, Version=1.0.0.0, Culture=neutral, PublicKeyToken=null" name="Test1" />
    </UnitTest>
  </TestDefinitions>
  <TestLists>
    <TestList name="Results Not in a List" id="8c84fa94-04c1-424b-9868-57a2d4851a1d" />
    <TestList name="All Loaded Results" id="19431567-8539-422a-85d7-44ee4e166bda" />
  </TestLists>
  <TestEntries>
    <TestEntry testId="af17a0c1-8145-2858-3152-890e8c7bd61d" executionId="4c79e580-3945-4bc2-8e07-7ab9f31d8ec3" testListId="8c84fa94-04c1-424b-9868-57a2d4851a1d" />
  </TestEntries>
  <Results>
    <UnitTestResult executionId="4c79e580-3945-4bc2-8e07-7ab9f31d8ec3" testId="af17a0c1-8145-2858-3152-890e8c7bd61d" testName="Test1" computerName="VHO70-PC" duration="00:00:00.1582730" startTime="2014-07-14T16:17:34.0350934-07:00" endTime="2014-07-14T16:17:34.4971198-07:00" testType="13cdc9d9-ddb5-4fa4-a97d-d965ccfc6d4b" outcome="Failed" testListId="8c84fa94-04c1-424b-9868-57a2d4851a1d" relativeResultsDirectory="4c79e580-3945-4bc2-8e07-7ab9f31d8ec3">
      <Output>
        <ErrorInfo>
          <Message>Test method Airstrip.Simulator.UnitTests.GroceryStore.ScenarioTests.Test1 threw exception: 
System.Exception: Error parsing config file. ---&gt; System.Exception: Error parsing Customer. Invalid format:                          ---&gt; System.Exception: Exception of type 'System.Exception' was thrown.</Message>
          <StackTrace>    at Airstrip.Simulator.Scenarios.GroceryStore.DataLayer.Repository.File.Models.Customer..ctor(Int32 nCustomer, String configText) in C:\Work\Airstrip\Airstrip.Simulator\Airstrip.Simulator.Scenarios.GroceryStore.DataLayer\Repository\File\Models\Customer.cs:line 24
 --- End of inner exception stack trace ---
    at Airstrip.Simulator.Scenarios.GroceryStore.DataLayer.Repository.File.Models.Customer..ctor(Int32 nCustomer, String configText) in C:\Work\Airstrip\Airstrip.Simulator\Airstrip.Simulator.Scenarios.GroceryStore.DataLayer\Repository\File\Models\Customer.cs:line 36
   at Airstrip.Simulator.Scenarios.GroceryStore.DataLayer.Repository.File.Models.Test..ctor(String configText) in C:\Work\Airstrip\Airstrip.Simulator\Airstrip.Simulator.Scenarios.GroceryStore.DataLayer\Repository\File\Models\Test.cs:line 22
 --- End of inner exception stack trace ---
    at Airstrip.Simulator.Scenarios.GroceryStore.DataLayer.Repository.File.Models.Test..ctor(String configText) in C:\Work\Airstrip\Airstrip.Simulator\Airstrip.Simulator.Scenarios.GroceryStore.DataLayer\Repository\File\Models\Test.cs:line 26
   at Airstrip.Simulator.UnitTests.GroceryStore.ScenarioTests.MockTestRepository.GetByName(String testName) in C:\Work\Airstrip\Airstrip.Simulator\Airstrip.Simulator.UnitTests\GroceryStore\ScenarioTests.cs:line 129
   at Airstrip.Simulator.UnitTests.GroceryStore.ScenarioTests.RunTest(Int32 nTest) in C:\Work\Airstrip\Airstrip.Simulator\Airstrip.Simulator.UnitTests\GroceryStore\ScenarioTests.cs:line 56
   at Airstrip.Simulator.UnitTests.GroceryStore.ScenarioTests.Test1() in C:\Work\Airstrip\Airstrip.Simulator\Airstrip.Simulator.UnitTests\GroceryStore\ScenarioTests.cs:line 26
</StackTrace>
        </ErrorInfo>
      </Output>
    </UnitTestResult>
  </Results>
</TestRun>